2026-07-06 00:20:34 [main] INFO  c.example.backend.BackendApplication - Starting BackendApplication using Java 17.0.18 with PID 31564 (D:\DATN\VietnamPhoto\backend\target\classes started by Tuna in D:\DATN\VietnamPhoto)
2026-07-06 00:20:34 [main] DEBUG c.example.backend.BackendApplication - Running with Spring Boot v4.0.3, Spring v7.0.5
2026-07-06 00:20:34 [main] INFO  c.example.backend.BackendApplication - No active profile set, falling back to 1 default profile: "default"
2026-07-06 00:20:34 [background-preinit] INFO  o.h.validator.internal.util.Version - HV000001: Hibernate Validator 9.0.1.Final
2026-07-06 00:20:35 [main] INFO  o.s.d.r.c.RepositoryConfigurationDelegate - Bootstrapping Spring Data JPA repositories in DEFAULT mode.
2026-07-06 00:20:35 [main] INFO  o.s.d.r.c.RepositoryConfigurationDelegate - Finished Spring Data repository scanning in 205 ms. Found 17 JPA repository interfaces.
2026-07-06 00:20:37 [main] INFO  o.s.boot.tomcat.TomcatWebServer - Tomcat initialized with port 8081 (http)
2026-07-06 00:20:37 [main] INFO  o.a.coyote.http11.Http11NioProtocol - Initializing ProtocolHandler ["http-nio-8081"]
2026-07-06 00:20:37 [main] INFO  o.a.catalina.core.StandardService - Starting service [Tomcat]
2026-07-06 00:20:37 [main] INFO  o.a.catalina.core.StandardEngine - Starting Servlet engine: [Apache Tomcat/11.0.18]
2026-07-06 00:20:37 [main] INFO  o.s.b.w.c.s.WebApplicationContextInitializer - Root WebApplicationContext: initialization completed in 3507 ms
2026-07-06 00:20:37 [main] DEBUG c.e.b.config.security.JwtFilter - Filter 'jwtFilter' configured for use
2026-07-06 00:20:38 [main] INFO  org.hibernate.orm.jpa - HHH008540: Processing PersistenceUnitInfo [name: default]
2026-07-06 00:20:38 [main] INFO  org.hibernate.orm.core - HHH000001: Hibernate ORM core version 7.2.4.Final
2026-07-06 00:20:39 [main] INFO  o.s.o.j.p.SpringPersistenceUnitInfo - No LoadTimeWeaver setup: ignoring JPA class transformer
2026-07-06 00:20:39 [main] INFO  com.zaxxer.hikari.HikariDataSource - HikariPool-1 - Starting...
2026-07-06 00:20:39 [main] INFO  com.zaxxer.hikari.pool.HikariPool - HikariPool-1 - Added connection com.mysql.cj.jdbc.ConnectionImpl@10ba9780
2026-07-06 00:20:39 [main] INFO  com.zaxxer.hikari.HikariDataSource - HikariPool-1 - Start completed.
2026-07-06 00:20:40 [main] INFO  o.hibernate.orm.connections.pooling - HHH10001005: Database info:
	Database JDBC URL [jdbc:mysql://localhost:3306/VNScout?serverTimezone=Asia/Ho_Chi_Minh&useSSL=false&allowPublicKeyRetrieval=true]
	Database driver: MySQL Connector/J
	Database dialect: MySQLDialect
	Database version: 8.0.46
	Default catalog/schema: VNScout/undefined
	Autocommit mode: undefined/unknown
	Isolation level: REPEATABLE_READ [default REPEATABLE_READ]
	JDBC fetch size: none
	Pool: DataSourceConnectionProvider
	Minimum pool size: undefined/unknown
	Maximum pool size: undefined/unknown
2026-07-06 00:20:42 [main] INFO  org.hibernate.orm.core - HHH000489: No JTA platform available (set 'hibernate.transaction.jta.platform' to enable JTA platform integration)
2026-07-06 00:20:42 [main] INFO  o.s.o.j.LocalContainerEntityManagerFactoryBean - Initialized JPA EntityManagerFactory for persistence unit 'default'
2026-07-06 00:20:42 [main] INFO  o.s.d.j.r.q.QueryEnhancerFactories - Hibernate is in classpath; If applicable, HQL parser will be used.
2026-07-06 00:20:46 [main] INFO  c.e.b.s.banned.BadWordFilterService - Loaded 578 bad words from database into memory.
2026-07-06 00:20:47 [main] WARN  o.s.b.j.a.JpaBaseConfiguration$JpaWebConfiguration - spring.jpa.open-in-view is enabled by default. Therefore, database queries may be performed during view rendering. Explicitly configure spring.jpa.open-in-view to disable this warning
2026-07-06 00:20:47 [main] WARN  o.s.b.s.a.UserDetailsServiceAutoConfiguration - 

Using generated security password: 655352b1-760a-4aed-b200-24e0d728ee8b

This generated password is for development use only. Your security configuration must be updated before running your application in production.

2026-07-06 00:20:47 [main] INFO  o.s.s.c.a.a.c.InitializeUserDetailsBeanManagerConfigurer$InitializeUserDetailsManagerConfigurer - Global AuthenticationManager configured with UserDetailsService bean with name inMemoryUserDetailsManager
2026-07-06 00:20:48 [main] DEBUG o.s.s.web.DefaultSecurityFilterChain - Will secure any request with filters: DisableEncodeUrlFilter, WebAsyncManagerIntegrationFilter, SecurityContextHolderFilter, HeaderWriterFilter, CorsFilter, LogoutFilter, JwtFilter, RequestCacheAwareFilter, SecurityContextHolderAwareRequestFilter, AnonymousAuthenticationFilter, ExceptionTranslationFilter, AuthorizationFilter
2026-07-06 00:20:49 [main] INFO  o.s.m.s.b.SimpleBrokerMessageHandler - Starting...
2026-07-06 00:20:49 [main] INFO  o.s.m.s.b.SimpleBrokerMessageHandler - BrokerAvailabilityEvent[available=true, SimpleBrokerMessageHandler [org.springframework.messaging.simp.broker.DefaultSubscriptionRegistry@23b9d353]]
2026-07-06 00:20:49 [main] INFO  o.s.m.s.b.SimpleBrokerMessageHandler - Started.
2026-07-06 00:20:49 [main] INFO  o.a.coyote.http11.Http11NioProtocol - Starting ProtocolHandler ["http-nio-8081"]
2026-07-06 00:20:49 [main] INFO  o.s.boot.tomcat.TomcatWebServer - Tomcat started on port 8081 (http) with context path '/'
2026-07-06 00:20:49 [main] INFO  c.example.backend.BackendApplication - Started BackendApplication in 16.019 seconds (process running for 17.279)
2026-07-06 00:20:49 [main] INFO  c.e.b.c.i.BannedWordDataInitializer - Banned words already initialized. Skip import.
2026-07-06 00:21:49 [MessageBroker-1] INFO  o.s.w.s.c.WebSocketMessageBrokerStats - WebSocketSession[0 current WS(0)-HttpStream(0)-HttpPoll(0), 0 total, 0 closed abnormally (0 connect failure, 0 send limit, 0 transport error)], stompSubProtocol[processed CONNECT(0)-CONNECTED(0)-DISCONNECT(0)], stompBrokerRelay[null], inboundChannel[pool size = 0, active threads = 0, queued tasks = 0, completed tasks = 0], outboundChannel[pool size = 0, active threads = 0, queued tasks = 0, completed tasks = 0], sockJsScheduler[pool size = 1, active threads = 1, queued tasks = 0, completed tasks = 0]
2026-07-06 00:22:23 [http-nio-8081-exec-2] INFO  o.a.c.c.C.[Tomcat].[localhost].[/] - Initializing Spring DispatcherServlet 'dispatcherServlet'
2026-07-06 00:22:23 [http-nio-8081-exec-2] INFO  o.s.web.servlet.DispatcherServlet - Initializing Servlet 'dispatcherServlet'
2026-07-06 00:22:23 [http-nio-8081-exec-2] INFO  o.s.web.servlet.DispatcherServlet - Completed initialization in 2 ms
2026-07-06 00:22:23 [http-nio-8081-exec-5] DEBUG o.s.security.web.FilterChainProxy - Securing GET /api/admin/reports?status=PENDING&size=20
2026-07-06 00:22:23 [http-nio-8081-exec-4] DEBUG o.s.security.web.FilterChainProxy - Securing GET /users/me
2026-07-06 00:22:23 [http-nio-8081-exec-6] DEBUG o.s.security.web.FilterChainProxy - Securing GET /api/admin/stats
2026-07-06 00:22:23 [http-nio-8081-exec-5] WARN  o.s.w.s.h.HandlerMappingIntrospector - Cache miss for REQUEST dispatch to '/api/admin/reports' (previous null). Performing CorsConfiguration lookup. This is logged once only at WARN level, and every time at TRACE.
2026-07-06 00:22:23 [http-nio-8081-exec-5] DEBUG o.s.security.web.FilterChainProxy - Secured GET /api/admin/reports?status=PENDING&size=20
2026-07-06 00:22:23 [http-nio-8081-exec-6] DEBUG o.s.security.web.FilterChainProxy - Secured GET /api/admin/stats
2026-07-06 00:22:23 [http-nio-8081-exec-4] DEBUG o.s.security.web.FilterChainProxy - Secured GET /users/me
2026-07-06 00:22:23 [http-nio-8081-exec-6] DEBUG o.s.s.a.m.AuthorizationManagerBeforeMethodInterceptor - Authorizing method invocation ReflectiveMethodInvocation: public com.example.backend.dto.response.ApiResponse com.example.backend.controller.AdminController.getStats(); target is of class [com.example.backend.controller.AdminController]
2026-07-06 00:22:23 [http-nio-8081-exec-5] DEBUG o.s.s.a.m.AuthorizationManagerBeforeMethodInterceptor - Authorizing method invocation ReflectiveMethodInvocation: public com.example.backend.dto.response.ApiResponse com.example.backend.controller.AdminController.getReports(java.lang.String,int,int); target is of class [com.example.backend.controller.AdminController]
2026-07-06 00:22:23 [http-nio-8081-exec-5] DEBUG o.s.s.a.m.AuthorizationManagerBeforeMethodInterceptor - Authorized method invocation ReflectiveMethodInvocation: public com.example.backend.dto.response.ApiResponse com.example.backend.controller.AdminController.getReports(java.lang.String,int,int); target is of class [com.example.backend.controller.AdminController]
2026-07-06 00:22:23 [http-nio-8081-exec-6] DEBUG o.s.s.a.m.AuthorizationManagerBeforeMethodInterceptor - Authorized method invocation ReflectiveMethodInvocation: public com.example.backend.dto.response.ApiResponse com.example.backend.controller.AdminController.getStats(); target is of class [com.example.backend.controller.AdminController]
2026-07-06 00:22:24 [http-nio-8081-exec-9] DEBUG o.s.security.web.FilterChainProxy - Securing GET /api/v1/notifications/unread-count
2026-07-06 00:22:24 [http-nio-8081-exec-9] DEBUG o.s.security.web.FilterChainProxy - Secured GET /api/v1/notifications/unread-count
2026-07-06 00:22:24 [http-nio-8081-exec-10] DEBUG o.s.security.web.FilterChainProxy - Securing GET /api/v1/notifications/stream?token=eyJhbGciOiJIUzI1NiJ9.eyJzdWIiOiJUdW5hLWFkbWluIiwicGVybWlzc2lvbnMiOlsiUk9MRV9BRE1JTiJdLCJpc3MiOiJkZXZ0ZXJpYS5jb20iLCJleHAiOjE3Nzk1MjAyNzUsImlhdCI6MTc3OTUxMzA3NSwidXNlcklkIjoiMGZiN2VkZjMtYzQ5YS00NTQ5LTg4YzUtNDk5OTMxNGEzMzFlIn0.bJu3f8N3VUhzhAlzxn07v98jJkgoo3H20isKAEyAScU
2026-07-06 00:22:24 [http-nio-8081-exec-10] DEBUG o.s.security.web.FilterChainProxy - Secured GET /api/v1/notifications/stream?token=eyJhbGciOiJIUzI1NiJ9.eyJzdWIiOiJUdW5hLWFkbWluIiwicGVybWlzc2lvbnMiOlsiUk9MRV9BRE1JTiJdLCJpc3MiOiJkZXZ0ZXJpYS5jb20iLCJleHAiOjE3Nzk1MjAyNzUsImlhdCI6MTc3OTUxMzA3NSwidXNlcklkIjoiMGZiN2VkZjMtYzQ5YS00NTQ5LTg4YzUtNDk5OTMxNGEzMzFlIn0.bJu3f8N3VUhzhAlzxn07v98jJkgoo3H20isKAEyAScU
2026-07-06 00:22:24 [http-nio-8081-exec-1] DEBUG o.s.security.web.FilterChainProxy - Securing GET /api/v1/notifications/unread-count
2026-07-06 00:22:24 [http-nio-8081-exec-1] DEBUG o.s.security.web.FilterChainProxy - Secured GET /api/v1/notifications/unread-count
2026-07-06 00:22:24 [http-nio-8081-exec-5] WARN  o.s.d.w.c.SpringDataJackson3Configuration$PageModule$WarningLoggingModifier - Serializing PageImpl instances as-is is not supported, meaning that there is no guarantee about the stability of the resulting JSON structure!
	For a stable JSON structure, please use Spring Data's PagedModel (globally via @EnableSpringDataWebSupport(pageSerializationMode = VIA_DTO))
	or Spring HATEOAS and Spring Data's PagedResourcesAssembler as documented in https://docs.spring.io/spring-data/commons/reference/repositories/core-extensions.html#core.web.pageables.

2026-07-06 00:22:24 [http-nio-8081-exec-4] DEBUG o.s.security.web.FilterChainProxy - Securing GET /chat/conversations
2026-07-06 00:22:24 [http-nio-8081-exec-4] DEBUG o.s.security.web.FilterChainProxy - Secured GET /chat/conversations
2026-07-06 00:22:24 [http-nio-8081-exec-6] DEBUG o.s.security.web.FilterChainProxy - Securing GET /chat/conversations
2026-07-06 00:22:24 [http-nio-8081-exec-6] DEBUG o.s.security.web.FilterChainProxy - Secured GET /chat/conversations
2026-07-06 00:22:28 [http-nio-8081-exec-8] DEBUG o.s.security.web.FilterChainProxy - Securing GET /api/admin/posts?page=0&size=10&pending=true
2026-07-06 00:22:28 [http-nio-8081-exec-8] DEBUG o.s.security.web.FilterChainProxy - Secured GET /api/admin/posts?page=0&size=10&pending=true
2026-07-06 00:22:28 [http-nio-8081-exec-8] DEBUG o.s.s.a.m.AuthorizationManagerBeforeMethodInterceptor - Authorizing method invocation ReflectiveMethodInvocation: public com.example.backend.dto.response.ApiResponse com.example.backend.controller.AdminController.getAllPosts(int,int,boolean); target is of class [com.example.backend.controller.AdminController]
2026-07-06 00:22:28 [http-nio-8081-exec-8] DEBUG o.s.s.a.m.AuthorizationManagerBeforeMethodInterceptor - Authorized method invocation ReflectiveMethodInvocation: public com.example.backend.dto.response.ApiResponse com.example.backend.controller.AdminController.getAllPosts(int,int,boolean); target is of class [com.example.backend.controller.AdminController]
2026-07-06 00:22:30 [http-nio-8081-exec-1] DEBUG o.s.security.web.FilterChainProxy - Securing GET /api/admin/posts?page=0&size=10
2026-07-06 00:22:30 [http-nio-8081-exec-1] DEBUG o.s.security.web.FilterChainProxy - Secured GET /api/admin/posts?page=0&size=10
2026-07-06 00:22:30 [http-nio-8081-exec-1] DEBUG o.s.s.a.m.AuthorizationManagerBeforeMethodInterceptor - Authorizing method invocation ReflectiveMethodInvocation: public com.example.backend.dto.response.ApiResponse com.example.backend.controller.AdminController.getAllPosts(int,int,boolean); target is of class [com.example.backend.controller.AdminController]
2026-07-06 00:22:30 [http-nio-8081-exec-1] DEBUG o.s.s.a.m.AuthorizationManagerBeforeMethodInterceptor - Authorized method invocation ReflectiveMethodInvocation: public com.example.backend.dto.response.ApiResponse com.example.backend.controller.AdminController.getAllPosts(int,int,boolean); target is of class [com.example.backend.controller.AdminController]
2026-07-06 00:22:31 [http-nio-8081-exec-10] DEBUG o.s.security.web.FilterChainProxy - Securing GET /api/admin/posts?page=0&size=10&pending=true
2026-07-06 00:22:31 [http-nio-8081-exec-10] DEBUG o.s.security.web.FilterChainProxy - Secured GET /api/admin/posts?page=0&size=10&pending=true
2026-07-06 00:22:31 [http-nio-8081-exec-10] DEBUG o.s.s.a.m.AuthorizationManagerBeforeMethodInterceptor - Authorizing method invocation ReflectiveMethodInvocation: public com.example.backend.dto.response.ApiResponse com.example.backend.controller.AdminController.getAllPosts(int,int,boolean); target is of class [com.example.backend.controller.AdminController]
2026-07-06 00:22:31 [http-nio-8081-exec-10] DEBUG o.s.s.a.m.AuthorizationManagerBeforeMethodInterceptor - Authorized method invocation ReflectiveMethodInvocation: public com.example.backend.dto.response.ApiResponse com.example.backend.controller.AdminController.getAllPosts(int,int,boolean); target is of class [com.example.backend.controller.AdminController]
2026-07-06 00:22:54 [http-nio-8081-exec-3] DEBUG o.s.security.web.FilterChainProxy - Securing GET /api/admin/locations?page=0&size=10
2026-07-06 00:22:54 [http-nio-8081-exec-3] DEBUG o.s.security.web.FilterChainProxy - Secured GET /api/admin/locations?page=0&size=10
2026-07-06 00:22:54 [http-nio-8081-exec-3] DEBUG o.s.s.a.m.AuthorizationManagerBeforeMethodInterceptor - Authorizing method invocation ReflectiveMethodInvocation: public com.example.backend.dto.response.ApiResponse com.example.backend.controller.AdminController.getAllLocations(int,int); target is of class [com.example.backend.controller.AdminController]
2026-07-06 00:22:54 [http-nio-8081-exec-3] DEBUG o.s.s.a.m.AuthorizationManagerBeforeMethodInterceptor - Authorized method invocation ReflectiveMethodInvocation: public com.example.backend.dto.response.ApiResponse com.example.backend.controller.AdminController.getAllLocations(int,int); target is of class [com.example.backend.controller.AdminController]
2026-07-06 00:22:55 [http-nio-8081-exec-4] DEBUG o.s.security.web.FilterChainProxy - Securing GET /api/admin/users?page=0&size=10
2026-07-06 00:22:55 [http-nio-8081-exec-4] DEBUG o.s.security.web.FilterChainProxy - Secured GET /api/admin/users?page=0&size=10
2026-07-06 00:22:55 [http-nio-8081-exec-4] DEBUG o.s.s.a.m.AuthorizationManagerBeforeMethodInterceptor - Authorizing method invocation ReflectiveMethodInvocation: public com.example.backend.dto.response.ApiResponse com.example.backend.controller.AdminController.getAllUsers(int,int); target is of class [com.example.backend.controller.AdminController]
2026-07-06 00:22:55 [http-nio-8081-exec-4] DEBUG o.s.s.a.m.AuthorizationManagerBeforeMethodInterceptor - Authorized method invocation ReflectiveMethodInvocation: public com.example.backend.dto.response.ApiResponse com.example.backend.controller.AdminController.getAllUsers(int,int); target is of class [com.example.backend.controller.AdminController]
2026-07-06 00:27:24 [http-nio-8081-exec-9] DEBUG o.s.security.web.FilterChainProxy - Securing GET /api/v1/notifications/unread-count
2026-07-06 00:27:24 [http-nio-8081-exec-9] DEBUG o.s.security.web.FilterChainProxy - Secured GET /api/v1/notifications/unread-count
2026-07-06 00:32:24 [http-nio-8081-exec-5] DEBUG o.s.security.web.FilterChainProxy - Securing GET /api/v1/notifications/unread-count
2026-07-06 00:32:24 [http-nio-8081-exec-5] DEBUG o.s.security.web.FilterChainProxy - Secured GET /api/v1/notifications/unread-count
2026-07-06 00:37:16 [http-nio-8081-exec-7] DEBUG o.s.security.web.FilterChainProxy - Securing GET /api/locations?size=20&page=0&level=2
2026-07-06 00:37:16 [http-nio-8081-exec-9] DEBUG o.s.security.web.FilterChainProxy - Securing GET /users/me
2026-07-06 00:37:16 [http-nio-8081-exec-8] DEBUG o.s.security.web.FilterChainProxy - Securing GET /api/v1/posts/getAll?size=200
2026-07-06 00:37:16 [http-nio-8081-exec-9] DEBUG o.s.security.web.FilterChainProxy - Secured GET /users/me
2026-07-06 00:37:16 [http-nio-8081-exec-7] DEBUG o.s.security.web.FilterChainProxy - Secured GET /api/locations?size=20&page=0&level=2
2026-07-06 00:37:16 [http-nio-8081-exec-8] DEBUG o.s.security.web.FilterChainProxy - Secured GET /api/v1/posts/getAll?size=200
2026-07-06 00:37:17 [http-nio-8081-exec-5] DEBUG o.s.security.web.FilterChainProxy - Securing GET /api/v1/notifications/unread-count
2026-07-06 00:37:17 [http-nio-8081-exec-3] DEBUG o.s.security.web.FilterChainProxy - Securing GET /api/v1/notifications/stream?token=eyJhbGciOiJIUzI1NiJ9.eyJzdWIiOiJBZG1pbiIsInBlcm1pc3Npb25zIjpbIlJPTEVfQURNSU4iXSwiaXNzIjoiZGV2dGVyaWEuY29tIiwiZXhwIjoxNzgzMjc5MDQwLCJpYXQiOjE3ODMyNzE4NDAsInVzZXJJZCI6IjBmYjdlZGYzLWM0OWEtNDU0OS04OGM1LTQ5OTkzMTRhMzMxZSJ9.YyvvK-bW4z0Wn1Fyp0rNryi3n0MCnSH8dzM4bhvm7L8
2026-07-06 00:37:17 [http-nio-8081-exec-5] DEBUG o.s.security.web.FilterChainProxy - Secured GET /api/v1/notifications/unread-count
2026-07-06 00:37:17 [http-nio-8081-exec-3] DEBUG o.s.security.web.FilterChainProxy - Secured GET /api/v1/notifications/stream?token=eyJhbGciOiJIUzI1NiJ9.eyJzdWIiOiJBZG1pbiIsInBlcm1pc3Npb25zIjpbIlJPTEVfQURNSU4iXSwiaXNzIjoiZGV2dGVyaWEuY29tIiwiZXhwIjoxNzgzMjc5MDQwLCJpYXQiOjE3ODMyNzE4NDAsInVzZXJJZCI6IjBmYjdlZGYzLWM0OWEtNDU0OS04OGM1LTQ5OTkzMTRhMzMxZSJ9.YyvvK-bW4z0Wn1Fyp0rNryi3n0MCnSH8dzM4bhvm7L8
2026-07-06 00:37:17 [http-nio-8081-exec-6] DEBUG o.s.security.web.FilterChainProxy - Securing GET /api/v1/notifications/unread-count
2026-07-06 00:37:17 [http-nio-8081-exec-6] DEBUG o.s.security.web.FilterChainProxy - Secured GET /api/v1/notifications/unread-count
2026-07-06 00:37:17 [http-nio-8081-exec-9] DEBUG o.s.security.web.FilterChainProxy - Securing GET /chat/conversations
2026-07-06 00:37:17 [http-nio-8081-exec-9] DEBUG o.s.security.web.FilterChainProxy - Secured GET /chat/conversations
2026-07-06 00:37:17 [http-nio-8081-exec-1] DEBUG o.s.security.web.FilterChainProxy - Securing GET /chat/conversations
2026-07-06 00:37:17 [http-nio-8081-exec-1] DEBUG o.s.security.web.FilterChainProxy - Secured GET /chat/conversations
2026-07-06 00:37:18 [http-nio-8081-exec-7] DEBUG o.s.security.web.FilterChainProxy - Securing GET /api/admin/stats
2026-07-06 00:37:18 [http-nio-8081-exec-7] DEBUG o.s.security.web.FilterChainProxy - Secured GET /api/admin/stats
2026-07-06 00:37:18 [http-nio-8081-exec-4] DEBUG o.s.security.web.FilterChainProxy - Securing GET /api/admin/reports?status=PENDING&size=20
2026-07-06 00:37:18 [http-nio-8081-exec-2] DEBUG o.s.security.web.FilterChainProxy - Securing GET /api/admin/users?page=0&size=10
2026-07-06 00:37:18 [http-nio-8081-exec-9] DEBUG o.s.security.web.FilterChainProxy - Securing GET /users/me
2026-07-06 00:37:18 [http-nio-8081-exec-7] DEBUG o.s.s.a.m.AuthorizationManagerBeforeMethodInterceptor - Authorizing method invocation ReflectiveMethodInvocation: public com.example.backend.dto.response.ApiResponse com.example.backend.controller.AdminController.getStats(); target is of class [com.example.backend.controller.AdminController]
2026-07-06 00:37:18 [http-nio-8081-exec-2] DEBUG o.s.security.web.FilterChainProxy - Secured GET /api/admin/users?page=0&size=10
2026-07-06 00:37:18 [http-nio-8081-exec-7] DEBUG o.s.s.a.m.AuthorizationManagerBeforeMethodInterceptor - Authorized method invocation ReflectiveMethodInvocation: public com.example.backend.dto.response.ApiResponse com.example.backend.controller.AdminController.getStats(); target is of class [com.example.backend.controller.AdminController]
2026-07-06 00:37:18 [http-nio-8081-exec-9] DEBUG o.s.security.web.FilterChainProxy - Secured GET /users/me
2026-07-06 00:37:18 [http-nio-8081-exec-4] DEBUG o.s.security.web.FilterChainProxy - Secured GET /api/admin/reports?status=PENDING&size=20
2026-07-06 00:37:18 [http-nio-8081-exec-4] DEBUG o.s.s.a.m.AuthorizationManagerBeforeMethodInterceptor - Authorizing method invocation ReflectiveMethodInvocation: public com.example.backend.dto.response.ApiResponse com.example.backend.controller.AdminController.getReports(java.lang.String,int,int); target is of class [com.example.backend.controller.AdminController]
2026-07-06 00:37:18 [http-nio-8081-exec-2] DEBUG o.s.s.a.m.AuthorizationManagerBeforeMethodInterceptor - Authorizing method invocation ReflectiveMethodInvocation: public com.example.backend.dto.response.ApiResponse com.example.backend.controller.AdminController.getAllUsers(int,int); target is of class [com.example.backend.controller.AdminController]
2026-07-06 00:37:18 [http-nio-8081-exec-2] DEBUG o.s.s.a.m.AuthorizationManagerBeforeMethodInterceptor - Authorized method invocation ReflectiveMethodInvocation: public com.example.backend.dto.response.ApiResponse com.example.backend.controller.AdminController.getAllUsers(int,int); target is of class [com.example.backend.controller.AdminController]
2026-07-06 00:37:18 [http-nio-8081-exec-4] DEBUG o.s.s.a.m.AuthorizationManagerBeforeMethodInterceptor - Authorized method invocation ReflectiveMethodInvocation: public com.example.backend.dto.response.ApiResponse com.example.backend.controller.AdminController.getReports(java.lang.String,int,int); target is of class [com.example.backend.controller.AdminController]
2026-07-06 00:37:18 [http-nio-8081-exec-10] DEBUG o.s.security.web.FilterChainProxy - Securing GET /api/v1/notifications/unread-count
2026-07-06 00:37:18 [http-nio-8081-exec-10] DEBUG o.s.security.web.FilterChainProxy - Secured GET /api/v1/notifications/unread-count
2026-07-06 00:37:18 [http-nio-8081-exec-5] DEBUG o.s.security.web.FilterChainProxy - Securing GET /api/v1/notifications/stream?token=eyJhbGciOiJIUzI1NiJ9.eyJzdWIiOiJUdW5hLWFkbWluIiwicGVybWlzc2lvbnMiOlsiUk9MRV9BRE1JTiJdLCJpc3MiOiJkZXZ0ZXJpYS5jb20iLCJleHAiOjE3Nzk1MjAyNzUsImlhdCI6MTc3OTUxMzA3NSwidXNlcklkIjoiMGZiN2VkZjMtYzQ5YS00NTQ5LTg4YzUtNDk5OTMxNGEzMzFlIn0.bJu3f8N3VUhzhAlzxn07v98jJkgoo3H20isKAEyAScU
2026-07-06 00:37:18 [http-nio-8081-exec-5] DEBUG o.s.security.web.FilterChainProxy - Secured GET /api/v1/notifications/stream?token=eyJhbGciOiJIUzI1NiJ9.eyJzdWIiOiJUdW5hLWFkbWluIiwicGVybWlzc2lvbnMiOlsiUk9MRV9BRE1JTiJdLCJpc3MiOiJkZXZ0ZXJpYS5jb20iLCJleHAiOjE3Nzk1MjAyNzUsImlhdCI6MTc3OTUxMzA3NSwidXNlcklkIjoiMGZiN2VkZjMtYzQ5YS00NTQ5LTg4YzUtNDk5OTMxNGEzMzFlIn0.bJu3f8N3VUhzhAlzxn07v98jJkgoo3H20isKAEyAScU
2026-07-06 00:37:18 [http-nio-8081-exec-9] DEBUG o.s.security.web.FilterChainProxy - Securing GET /chat/conversations
2026-07-06 00:37:18 [http-nio-8081-exec-4] DEBUG o.s.security.web.FilterChainProxy - Securing GET /api/v1/notifications/unread-count
2026-07-06 00:37:18 [http-nio-8081-exec-9] DEBUG o.s.security.web.FilterChainProxy - Secured GET /chat/conversations
2026-07-06 00:37:18 [http-nio-8081-exec-4] DEBUG o.s.security.web.FilterChainProxy - Secured GET /api/v1/notifications/unread-count
2026-07-06 00:37:18 [http-nio-8081-exec-1] DEBUG o.s.security.web.FilterChainProxy - Securing GET /chat/conversations
2026-07-06 00:37:18 [http-nio-8081-exec-1] DEBUG o.s.security.web.FilterChainProxy - Secured GET /chat/conversations
2026-07-06 00:40:22 [http-nio-8081-exec-8] DEBUG o.s.security.web.FilterChainProxy - Securing GET /users/me
2026-07-06 00:40:22 [http-nio-8081-exec-7] DEBUG o.s.security.web.FilterChainProxy - Securing GET /api/v1/posts/getAll?size=200
2026-07-06 00:40:22 [http-nio-8081-exec-2] DEBUG o.s.security.web.FilterChainProxy - Securing GET /api/locations?size=20&page=0&level=2
2026-07-06 00:40:22 [http-nio-8081-exec-2] DEBUG o.s.security.web.FilterChainProxy - Secured GET /api/locations?size=20&page=0&level=2
2026-07-06 00:40:22 [http-nio-8081-exec-8] DEBUG o.s.security.web.FilterChainProxy - Secured GET /users/me
2026-07-06 00:40:22 [http-nio-8081-exec-7] DEBUG o.s.security.web.FilterChainProxy - Secured GET /api/v1/posts/getAll?size=200
2026-07-06 00:40:22 [http-nio-8081-exec-6] DEBUG o.s.security.web.FilterChainProxy - Securing GET /api/v1/notifications/stream?token=eyJhbGciOiJIUzI1NiJ9.eyJzdWIiOiJBZG1pbiIsInBlcm1pc3Npb25zIjpbIlJPTEVfQURNSU4iXSwiaXNzIjoiZGV2dGVyaWEuY29tIiwiZXhwIjoxNzgzMjc5MDQwLCJpYXQiOjE3ODMyNzE4NDAsInVzZXJJZCI6IjBmYjdlZGYzLWM0OWEtNDU0OS04OGM1LTQ5OTkzMTRhMzMxZSJ9.YyvvK-bW4z0Wn1Fyp0rNryi3n0MCnSH8dzM4bhvm7L8
2026-07-06 00:40:22 [http-nio-8081-exec-10] DEBUG o.s.security.web.FilterChainProxy - Securing GET /api/v1/notifications/unread-count
2026-07-06 00:40:22 [http-nio-8081-exec-10] DEBUG o.s.security.web.FilterChainProxy - Secured GET /api/v1/notifications/unread-count
2026-07-06 00:40:22 [http-nio-8081-exec-6] DEBUG o.s.security.web.FilterChainProxy - Secured GET /api/v1/notifications/stream?token=eyJhbGciOiJIUzI1NiJ9.eyJzdWIiOiJBZG1pbiIsInBlcm1pc3Npb25zIjpbIlJPTEVfQURNSU4iXSwiaXNzIjoiZGV2dGVyaWEuY29tIiwiZXhwIjoxNzgzMjc5MDQwLCJpYXQiOjE3ODMyNzE4NDAsInVzZXJJZCI6IjBmYjdlZGYzLWM0OWEtNDU0OS04OGM1LTQ5OTkzMTRhMzMxZSJ9.YyvvK-bW4z0Wn1Fyp0rNryi3n0MCnSH8dzM4bhvm7L8
2026-07-06 00:40:22 [http-nio-8081-exec-9] DEBUG o.s.security.web.FilterChainProxy - Securing GET /api/v1/notifications/unread-count
2026-07-06 00:40:22 [http-nio-8081-exec-9] DEBUG o.s.security.web.FilterChainProxy - Secured GET /api/v1/notifications/unread-count
2026-07-06 00:40:22 [http-nio-8081-exec-2] DEBUG o.s.security.web.FilterChainProxy - Securing GET /chat/conversations
2026-07-06 00:40:22 [http-nio-8081-exec-2] DEBUG o.s.security.web.FilterChainProxy - Secured GET /chat/conversations
2026-07-06 00:40:22 [http-nio-8081-exec-8] DEBUG o.s.security.web.FilterChainProxy - Securing GET /chat/conversations
2026-07-06 00:40:22 [http-nio-8081-exec-8] DEBUG o.s.security.web.FilterChainProxy - Secured GET /chat/conversations
2026-07-06 00:40:22 [http-nio-8081-exec-5] DEBUG o.s.security.web.FilterChainProxy - Securing GET /api/v1/notifications/stream?token=eyJhbGciOiJIUzI1NiJ9.eyJzdWIiOiJBZG1pbiIsInBlcm1pc3Npb25zIjpbIlJPTEVfQURNSU4iXSwiaXNzIjoiZGV2dGVyaWEuY29tIiwiZXhwIjoxNzgzMjc5MDQwLCJpYXQiOjE3ODMyNzE4NDAsInVzZXJJZCI6IjBmYjdlZGYzLWM0OWEtNDU0OS04OGM1LTQ5OTkzMTRhMzMxZSJ9.YyvvK-bW4z0Wn1Fyp0rNryi3n0MCnSH8dzM4bhvm7L8
2026-07-06 00:40:22 [http-nio-8081-exec-5] DEBUG o.s.security.web.FilterChainProxy - Secured GET /api/v1/notifications/stream?token=eyJhbGciOiJIUzI1NiJ9.eyJzdWIiOiJBZG1pbiIsInBlcm1pc3Npb25zIjpbIlJPTEVfQURNSU4iXSwiaXNzIjoiZGV2dGVyaWEuY29tIiwiZXhwIjoxNzgzMjc5MDQwLCJpYXQiOjE3ODMyNzE4NDAsInVzZXJJZCI6IjBmYjdlZGYzLWM0OWEtNDU0OS04OGM1LTQ5OTkzMTRhMzMxZSJ9.YyvvK-bW4z0Wn1Fyp0rNryi3n0MCnSH8dzM4bhvm7L8
2026-07-06 00:40:22 [http-nio-8081-exec-5] ERROR c.e.b.e.GlobalExceptionHandler - Unhandled Exception: 
org.springframework.web.context.request.async.AsyncRequestNotUsableException: Servlet container error notification for disconnected client
	at org.springframework.web.context.request.async.WebAsyncManager.lambda$startDeferredResultProcessing$1(WebAsyncManager.java:443)
	at org.springframework.web.context.request.async.StandardServletAsyncWebRequest.lambda$onError$0(StandardServletAsyncWebRequest.java:193)
	at java.base/java.util.ArrayList.forEach(ArrayList.java:1511)
	at org.springframework.web.context.request.async.StandardServletAsyncWebRequest.onError(StandardServletAsyncWebRequest.java:193)
	at org.apache.catalina.core.AsyncListenerWrapper.fireOnError(AsyncListenerWrapper.java:49)
	at org.apache.catalina.core.AsyncContextImpl.setErrorState(AsyncContextImpl.java:411)
	at org.apache.catalina.connector.CoyoteAdapter.asyncDispatch(CoyoteAdapter.java:154)
	at org.apache.coyote.AbstractProcessor.dispatch(AbstractProcessor.java:242)
	at org.apache.coyote.AbstractProcessorLight.process(AbstractProcessorLight.java:57)
	at org.apache.coyote.AbstractProtocol$ConnectionHandler.process(AbstractProtocol.java:903)
	at org.apache.tomcat.util.net.NioEndpoint$SocketProcessor.doRun(NioEndpoint.java:1779)
	at org.apache.tomcat.util.net.SocketProcessorBase.run(SocketProcessorBase.java:52)
	at org.apache.tomcat.util.threads.ThreadPoolExecutor.runWorker(ThreadPoolExecutor.java:946)
	at org.apache.tomcat.util.threads.ThreadPoolExecutor$Worker.run(ThreadPoolExecutor.java:480)
	at org.apache.tomcat.util.threads.TaskThread$WrappingRunnable.run(TaskThread.java:57)
	at java.base/java.lang.Thread.run(Thread.java:840)
Caused by: java.io.IOException: An established connection was aborted by the software in your host machine
	at java.base/sun.nio.ch.SocketDispatcher.write0(Native Method)
	at java.base/sun.nio.ch.SocketDispatcher.write(SocketDispatcher.java:54)
	at java.base/sun.nio.ch.IOUtil.writeFromNativeBuffer(IOUtil.java:132)
	at java.base/sun.nio.ch.IOUtil.write(IOUtil.java:97)
	at java.base/sun.nio.ch.IOUtil.write(IOUtil.java:53)
	at java.base/sun.nio.ch.SocketChannelImpl.write(SocketChannelImpl.java:532)
	at org.apache.tomcat.util.net.NioChannel.write(NioChannel.java:129)
	at org.apache.tomcat.util.net.NioEndpoint$NioSocketWrapper.doWrite(NioEndpoint.java:1419)
	at org.apache.tomcat.util.net.SocketWrapperBase.doWrite(SocketWrapperBase.java:747)
	at org.apache.tomcat.util.net.SocketWrapperBase.flushBlocking(SocketWrapperBase.java:713)
	at org.apache.tomcat.util.net.SocketWrapperBase.flush(SocketWrapperBase.java:698)
	at org.apache.coyote.http11.Http11OutputBuffer$SocketOutputBuffer.flush(Http11OutputBuffer.java:563)
	at org.apache.coyote.http11.filters.ChunkedOutputFilter.flush(ChunkedOutputFilter.java:154)
	at org.apache.coyote.http11.Http11OutputBuffer.flush(Http11OutputBuffer.java:216)
	at org.apache.coyote.http11.Http11Processor.flush(Http11Processor.java:1271)
	at org.apache.coyote.AbstractProcessor.action(AbstractProcessor.java:407)
	at org.apache.coyote.Response.action(Response.java:197)
	at org.apache.catalina.connector.OutputBuffer.doFlush(OutputBuffer.java:286)
	at org.apache.catalina.connector.OutputBuffer.flush(OutputBuffer.java:252)
	at org.apache.catalina.connector.CoyoteOutputStream.flush(CoyoteOutputStream.java:134)
	at org.springframework.security.web.util.OnCommittedResponseWrapper$SaveContextServletOutputStream.flush(OnCommittedResponseWrapper.java:524)
	at org.springframework.web.context.request.async.StandardServletAsyncWebRequest$LifecycleServletOutputStream.flush(StandardServletAsyncWebRequest.java:410)
	at org.springframework.http.converter.AbstractHttpMessageConverter.write(AbstractHttpMessageConverter.java:233)
	at org.springframework.web.servlet.mvc.method.annotation.ResponseBodyEmitterReturnValueHandler$DefaultSseEmitterHandler.sendInternal(ResponseBodyEmitterReturnValueHandler.java:315)
	at org.springframework.web.servlet.mvc.method.annotation.ResponseBodyEmitterReturnValueHandler$DefaultSseEmitterHandler.send(ResponseBodyEmitterReturnValueHandler.java:302)
	at org.springframework.web.servlet.mvc.method.annotation.ResponseBodyEmitter.sendInternal(ResponseBodyEmitter.java:253)
	at org.springframework.web.servlet.mvc.method.annotation.ResponseBodyEmitter.send(ResponseBodyEmitter.java:240)
	at org.springframework.web.servlet.mvc.method.annotation.SseEmitter.send(SseEmitter.java:130)
	at com.example.backend.service.notification.NotificationSseService.lambda$connect$4(NotificationSseService.java:34)
	at java.base/java.util.concurrent.CompletableFuture$AsyncRun.run(CompletableFuture.java:1804)
	at java.base/java.util.concurrent.CompletableFuture$AsyncRun.exec(CompletableFuture.java:1796)
	at java.base/java.util.concurrent.ForkJoinTask.doExec(ForkJoinTask.java:373)
	at java.base/java.util.concurrent.ForkJoinPool$WorkQueue.topLevelExec(ForkJoinPool.java:1182)
	at java.base/java.util.concurrent.ForkJoinPool.scan(ForkJoinPool.java:1655)
	at java.base/java.util.concurrent.ForkJoinPool.runWorker(ForkJoinPool.java:1622)
	at java.base/java.util.concurrent.ForkJoinWorkerThread.run(ForkJoinWorkerThread.java:165)
2026-07-06 00:40:22 [http-nio-8081-exec-5] WARN  o.s.w.s.m.m.a.ExceptionHandlerExceptionResolver - Failure in @ExceptionHandler com.example.backend.exception.GlobalExceptionHandler#handleException(Exception)
org.springframework.http.converter.HttpMessageNotWritableException: No converter for [class com.example.backend.dto.response.ApiResponse] with preset Content-Type 'text/event-stream'
	at org.springframework.web.servlet.mvc.method.annotation.AbstractMessageConverterMethodProcessor.writeWithMessageConverters(AbstractMessageConverterMethodProcessor.java:364)
	at org.springframework.web.servlet.mvc.method.annotation.HttpEntityMethodProcessor.handleReturnValue(HttpEntityMethodProcessor.java:261)
	at org.springframework.web.method.support.HandlerMethodReturnValueHandlerComposite.handleReturnValue(HandlerMethodReturnValueHandlerComposite.java:78)
	at org.springframework.web.servlet.mvc.method.annotation.ServletInvocableHandlerMethod.invokeAndHandle(ServletInvocableHandlerMethod.java:135)
	at org.springframework.web.servlet.mvc.method.annotation.ExceptionHandlerExceptionResolver.doResolveHandlerMethodException(ExceptionHandlerExceptionResolver.java:460)
	at org.springframework.web.servlet.handler.AbstractHandlerMethodExceptionResolver.doResolveException(AbstractHandlerMethodExceptionResolver.java:72)
	at org.springframework.web.servlet.handler.AbstractHandlerExceptionResolver.resolveException(AbstractHandlerExceptionResolver.java:176)
	at org.springframework.web.servlet.handler.HandlerExceptionResolverComposite.resolveException(HandlerExceptionResolverComposite.java:78)
	at org.springframework.web.servlet.DispatcherServlet.processHandlerException(DispatcherServlet.java:1227)
	at org.springframework.web.servlet.DispatcherServlet.processDispatchResult(DispatcherServlet.java:1035)
	at org.springframework.web.servlet.DispatcherServlet.doDispatch(DispatcherServlet.java:980)
	at org.springframework.web.servlet.DispatcherServlet.doService(DispatcherServlet.java:866)
	at org.springframework.web.servlet.FrameworkServlet.processRequest(FrameworkServlet.java:1000)
	at org.springframework.web.servlet.FrameworkServlet.doGet(FrameworkServlet.java:892)
	at jakarta.servlet.http.HttpServlet.service(HttpServlet.java:622)
	at org.springframework.web.servlet.FrameworkServlet.service(FrameworkServlet.java:874)
	at jakarta.servlet.http.HttpServlet.service(HttpServlet.java:710)
	at org.apache.catalina.core.ApplicationFilterChain.doFilter(ApplicationFilterChain.java:128)
	at org.springframework.web.filter.OncePerRequestFilter.doFilter(OncePerRequestFilter.java:101)
	at org.apache.catalina.core.ApplicationFilterChain.doFilter(ApplicationFilterChain.java:107)
	at org.springframework.web.filter.CompositeFilter$VirtualFilterChain.doFilter(CompositeFilter.java:108)
	at org.springframework.security.web.FilterChainProxy.lambda$doFilterInternal$3(FilterChainProxy.java:235)
	at org.springframework.security.web.FilterChainProxy$VirtualFilterChain.doFilter(FilterChainProxy.java:371)
	at org.springframework.security.web.access.intercept.AuthorizationFilter.doFilter(AuthorizationFilter.java:101)
	at org.springframework.security.web.FilterChainProxy$VirtualFilterChain.doFilter(FilterChainProxy.java:380)
	at org.springframework.security.web.access.ExceptionTranslationFilter.doFilter(ExceptionTranslationFilter.java:126)
	at org.springframework.security.web.access.ExceptionTranslationFilter.doFilter(ExceptionTranslationFilter.java:120)
	at org.springframework.security.web.FilterChainProxy$VirtualFilterChain.doFilter(FilterChainProxy.java:380)
	at org.springframework.security.web.authentication.AnonymousAuthenticationFilter.doFilter(AnonymousAuthenticationFilter.java:100)
	at org.springframework.security.web.FilterChainProxy$VirtualFilterChain.doFilter(FilterChainProxy.java:380)
	at org.springframework.security.web.servletapi.SecurityContextHolderAwareRequestFilter.doFilter(SecurityContextHolderAwareRequestFilter.java:181)
	at org.springframework.security.web.FilterChainProxy$VirtualFilterChain.doFilter(FilterChainProxy.java:380)
	at org.springframework.security.web.savedrequest.RequestCacheAwareFilter.doFilter(RequestCacheAwareFilter.java:63)
	at org.springframework.security.web.FilterChainProxy$VirtualFilterChain.doFilter(FilterChainProxy.java:380)
	at org.springframework.web.filter.OncePerRequestFilter.doFilter(OncePerRequestFilter.java:101)
	at org.springframework.security.web.FilterChainProxy$VirtualFilterChain.doFilter(FilterChainProxy.java:380)
	at org.springframework.security.web.authentication.logout.LogoutFilter.doFilter(LogoutFilter.java:110)
	at org.springframework.security.web.authentication.logout.LogoutFilter.doFilter(LogoutFilter.java:96)
	at org.springframework.security.web.FilterChainProxy$VirtualFilterChain.doFilter(FilterChainProxy.java:380)
	at org.springframework.web.filter.OncePerRequestFilter.doFilter(OncePerRequestFilter.java:101)
	at org.springframework.security.web.FilterChainProxy$VirtualFilterChain.doFilter(FilterChainProxy.java:380)
	at org.springframework.web.filter.OncePerRequestFilter.doFilter(OncePerRequestFilter.java:101)
	at org.springframework.security.web.FilterChainProxy$VirtualFilterChain.doFilter(FilterChainProxy.java:380)
	at org.springframework.security.web.context.SecurityContextHolderFilter.doFilter(SecurityContextHolderFilter.java:82)
	at org.springframework.security.web.context.SecurityContextHolderFilter.doFilter(SecurityContextHolderFilter.java:69)
	at org.springframework.security.web.FilterChainProxy$VirtualFilterChain.doFilter(FilterChainProxy.java:380)
	at org.springframework.web.filter.OncePerRequestFilter.doFilter(OncePerRequestFilter.java:101)
	at org.springframework.security.web.FilterChainProxy$VirtualFilterChain.doFilter(FilterChainProxy.java:380)
	at org.springframework.web.filter.OncePerRequestFilter.doFilter(OncePerRequestFilter.java:101)
	at org.springframework.security.web.FilterChainProxy$VirtualFilterChain.doFilter(FilterChainProxy.java:380)
	at org.springframework.security.web.FilterChainProxy.doFilterInternal(FilterChainProxy.java:237)
	at org.springframework.security.web.FilterChainProxy.doFilter(FilterChainProxy.java:195)
	at org.springframework.web.filter.CompositeFilter$VirtualFilterChain.doFilter(CompositeFilter.java:113)
	at org.springframework.web.filter.ServletRequestPathFilter.doFilter(ServletRequestPathFilter.java:52)
	at org.springframework.web.filter.CompositeFilter$VirtualFilterChain.doFilter(CompositeFilter.java:113)
	at org.springframework.web.filter.CompositeFilter.doFilter(CompositeFilter.java:74)
	at org.springframework.security.config.annotation.web.configuration.WebSecurityConfiguration$CompositeFilterChainProxy.doFilter(WebSecurityConfiguration.java:317)
	at org.springframework.web.filter.DelegatingFilterProxy.invokeDelegate(DelegatingFilterProxy.java:355)
	at org.springframework.web.filter.DelegatingFilterProxy.doFilter(DelegatingFilterProxy.java:272)
	at org.apache.catalina.core.ApplicationFilterChain.doFilter(ApplicationFilterChain.java:107)
	at org.springframework.web.filter.RequestContextFilter.doFilterInternal(RequestContextFilter.java:100)
	at org.springframework.web.filter.OncePerRequestFilter.doFilter(OncePerRequestFilter.java:116)
	at org.apache.catalina.core.ApplicationFilterChain.doFilter(ApplicationFilterChain.java:107)
	at org.springframework.web.filter.OncePerRequestFilter.doFilter(OncePerRequestFilter.java:101)
	at org.apache.catalina.core.ApplicationFilterChain.doFilter(ApplicationFilterChain.java:107)
	at org.springframework.web.filter.OncePerRequestFilter.doFilter(OncePerRequestFilter.java:101)
	at org.apache.catalina.core.ApplicationFilterChain.doFilter(ApplicationFilterChain.java:107)
	at org.springframework.web.filter.OncePerRequestFilter.doFilter(OncePerRequestFilter.java:101)
	at org.apache.catalina.core.ApplicationFilterChain.doFilter(ApplicationFilterChain.java:107)
	at org.apache.catalina.core.ApplicationDispatcher.invoke(ApplicationDispatcher.java:513)
	at org.apache.catalina.core.ApplicationDispatcher.dispatch(ApplicationDispatcher.java:441)
	at org.apache.catalina.core.AsyncContextImpl$AsyncRunnable.run(AsyncContextImpl.java:585)
	at org.apache.catalina.core.AsyncContextImpl.doInternalDispatch(AsyncContextImpl.java:340)
	at org.apache.catalina.core.StandardWrapperValve.invoke(StandardWrapperValve.java:163)
	at org.apache.catalina.core.StandardContextValve.invoke(StandardContextValve.java:77)
	at org.apache.catalina.authenticator.AuthenticatorBase.invoke(AuthenticatorBase.java:492)
	at org.apache.catalina.core.StandardHostValve.invoke(StandardHostValve.java:113)
	at org.apache.catalina.valves.ErrorReportValve.invoke(ErrorReportValve.java:83)
	at org.apache.catalina.core.StandardEngineValve.invoke(StandardEngineValve.java:72)
	at org.apache.catalina.connector.CoyoteAdapter.asyncDispatch(CoyoteAdapter.java:238)
	at org.apache.coyote.AbstractProcessor.dispatch(AbstractProcessor.java:242)
	at org.apache.coyote.AbstractProcessorLight.process(AbstractProcessorLight.java:57)
	at org.apache.coyote.AbstractProtocol$ConnectionHandler.process(AbstractProtocol.java:903)
	at org.apache.tomcat.util.net.NioEndpoint$SocketProcessor.doRun(NioEndpoint.java:1779)
	at org.apache.tomcat.util.net.SocketProcessorBase.run(SocketProcessorBase.java:52)
	at org.apache.tomcat.util.threads.ThreadPoolExecutor.runWorker(ThreadPoolExecutor.java:946)
	at org.apache.tomcat.util.threads.ThreadPoolExecutor$Worker.run(ThreadPoolExecutor.java:480)
	at org.apache.tomcat.util.threads.TaskThread$WrappingRunnable.run(TaskThread.java:57)
	at java.base/java.lang.Thread.run(Thread.java:840)
2026-07-06 00:40:22 [http-nio-8081-exec-5] DEBUG o.s.s.w.a.AnonymousAuthenticationFilter - Set SecurityContextHolder to anonymous SecurityContext
2026-07-06 00:42:17 [http-nio-8081-exec-1] DEBUG o.s.security.web.FilterChainProxy - Securing GET /api/v1/notifications/unread-count
2026-07-06 00:42:17 [http-nio-8081-exec-1] DEBUG o.s.security.web.FilterChainProxy - Secured GET /api/v1/notifications/unread-count
2026-07-06 00:42:18 [http-nio-8081-exec-2] DEBUG o.s.security.web.FilterChainProxy - Securing GET /api/v1/notifications/unread-count
2026-07-06 00:42:18 [http-nio-8081-exec-2] DEBUG o.s.security.web.FilterChainProxy - Secured GET /api/v1/notifications/unread-count
2026-07-06 00:45:29 [http-nio-8081-exec-9] DEBUG o.s.security.web.FilterChainProxy - Securing GET /api/v1/posts/getAll?size=200
2026-07-06 00:45:29 [http-nio-8081-exec-10] DEBUG o.s.security.web.FilterChainProxy - Securing GET /users/me
2026-07-06 00:45:29 [http-nio-8081-exec-1] DEBUG o.s.security.web.FilterChainProxy - Securing GET /api/locations?size=20&page=0&level=2
2026-07-06 00:45:29 [http-nio-8081-exec-9] DEBUG o.s.security.web.FilterChainProxy - Secured GET /api/v1/posts/getAll?size=200
2026-07-06 00:45:29 [http-nio-8081-exec-1] DEBUG o.s.security.web.FilterChainProxy - Secured GET /api/locations?size=20&page=0&level=2
2026-07-06 00:45:29 [http-nio-8081-exec-10] DEBUG o.s.security.web.FilterChainProxy - Secured GET /users/me
2026-07-06 00:45:30 [http-nio-8081-exec-2] DEBUG o.s.security.web.FilterChainProxy - Securing GET /api/v1/notifications/unread-count
2026-07-06 00:45:30 [http-nio-8081-exec-2] DEBUG o.s.security.web.FilterChainProxy - Secured GET /api/v1/notifications/unread-count
2026-07-06 00:45:30 [http-nio-8081-exec-8] DEBUG o.s.security.web.FilterChainProxy - Securing GET /api/v1/notifications/unread-count
2026-07-06 00:45:30 [http-nio-8081-exec-8] DEBUG o.s.security.web.FilterChainProxy - Secured GET /api/v1/notifications/unread-count
2026-07-06 00:45:30 [http-nio-8081-exec-7] DEBUG o.s.security.web.FilterChainProxy - Securing GET /api/v1/notifications/stream?token=eyJhbGciOiJIUzI1NiJ9.eyJzdWIiOiJBZG1pbiIsInBlcm1pc3Npb25zIjpbIlJPTEVfQURNSU4iXSwiaXNzIjoiZGV2dGVyaWEuY29tIiwiZXhwIjoxNzgzMjc5MDQwLCJpYXQiOjE3ODMyNzE4NDAsInVzZXJJZCI6IjBmYjdlZGYzLWM0OWEtNDU0OS04OGM1LTQ5OTkzMTRhMzMxZSJ9.YyvvK-bW4z0Wn1Fyp0rNryi3n0MCnSH8dzM4bhvm7L8
2026-07-06 00:45:30 [http-nio-8081-exec-7] DEBUG o.s.security.web.FilterChainProxy - Secured GET /api/v1/notifications/stream?token=eyJhbGciOiJIUzI1NiJ9.eyJzdWIiOiJBZG1pbiIsInBlcm1pc3Npb25zIjpbIlJPTEVfQURNSU4iXSwiaXNzIjoiZGV2dGVyaWEuY29tIiwiZXhwIjoxNzgzMjc5MDQwLCJpYXQiOjE3ODMyNzE4NDAsInVzZXJJZCI6IjBmYjdlZGYzLWM0OWEtNDU0OS04OGM1LTQ5OTkzMTRhMzMxZSJ9.YyvvK-bW4z0Wn1Fyp0rNryi3n0MCnSH8dzM4bhvm7L8
2026-07-06 00:45:30 [http-nio-8081-exec-3] DEBUG o.s.security.web.FilterChainProxy - Securing GET /chat/conversations
2026-07-06 00:45:30 [http-nio-8081-exec-3] DEBUG o.s.security.web.FilterChainProxy - Secured GET /chat/conversations
2026-07-06 00:45:30 [http-nio-8081-exec-1] DEBUG o.s.security.web.FilterChainProxy - Securing GET /chat/conversations
2026-07-06 00:45:30 [http-nio-8081-exec-1] DEBUG o.s.security.web.FilterChainProxy - Secured GET /chat/conversations
2026-07-06 00:45:39 [http-nio-8081-exec-4] DEBUG o.s.security.web.FilterChainProxy - Securing GET /api/locations/9c647745-7d29-4ea8-990d-5c2392e276db
2026-07-06 00:45:39 [http-nio-8081-exec-4] DEBUG o.s.security.web.FilterChainProxy - Secured GET /api/locations/9c647745-7d29-4ea8-990d-5c2392e276db
2026-07-06 00:45:39 [http-nio-8081-exec-2] DEBUG o.s.security.web.FilterChainProxy - Securing GET /api/locations/9c647745-7d29-4ea8-990d-5c2392e276db
2026-07-06 00:45:39 [http-nio-8081-exec-2] DEBUG o.s.security.web.FilterChainProxy - Secured GET /api/locations/9c647745-7d29-4ea8-990d-5c2392e276db
2026-07-06 00:45:39 [http-nio-8081-exec-7] DEBUG o.s.security.web.FilterChainProxy - Securing GET /api/v1/posts/location/9c647745-7d29-4ea8-990d-5c2392e276db?size=50&viewerId=0fb7edf3-c49a-4549-88c5-4999314a331e
2026-07-06 00:45:39 [http-nio-8081-exec-7] DEBUG o.s.security.web.FilterChainProxy - Secured GET /api/v1/posts/location/9c647745-7d29-4ea8-990d-5c2392e276db?size=50&viewerId=0fb7edf3-c49a-4549-88c5-4999314a331e
2026-07-06 00:45:39 [http-nio-8081-exec-6] DEBUG o.s.security.web.FilterChainProxy - Securing GET /api/v1/posts/location/9c647745-7d29-4ea8-990d-5c2392e276db?size=50&viewerId=0fb7edf3-c49a-4549-88c5-4999314a331e
2026-07-06 00:45:39 [http-nio-8081-exec-6] DEBUG o.s.security.web.FilterChainProxy - Secured GET /api/v1/posts/location/9c647745-7d29-4ea8-990d-5c2392e276db?size=50&viewerId=0fb7edf3-c49a-4549-88c5-4999314a331e
2026-07-06 00:47:18 [http-nio-8081-exec-10] DEBUG o.s.security.web.FilterChainProxy - Securing GET /api/v1/notifications/unread-count
2026-07-06 00:47:18 [http-nio-8081-exec-10] DEBUG o.s.security.web.FilterChainProxy - Secured GET /api/v1/notifications/unread-count
2026-07-06 00:50:30 [http-nio-8081-exec-8] DEBUG o.s.security.web.FilterChainProxy - Securing GET /api/v1/notifications/unread-count
2026-07-06 00:50:30 [http-nio-8081-exec-8] DEBUG o.s.security.web.FilterChainProxy - Secured GET /api/v1/notifications/unread-count
2026-07-06 00:51:49 [MessageBroker-1] INFO  o.s.w.s.c.WebSocketMessageBrokerStats - WebSocketSession[0 current WS(0)-HttpStream(0)-HttpPoll(0), 0 total, 0 closed abnormally (0 connect failure, 0 send limit, 0 transport error)], stompSubProtocol[processed CONNECT(0)-CONNECTED(0)-DISCONNECT(0)], stompBrokerRelay[null], inboundChannel[pool size = 0, active threads = 0, queued tasks = 0, completed tasks = 0], outboundChannel[pool size = 0, active threads = 0, queued tasks = 0, completed tasks = 0], sockJsScheduler[pool size = 2, active threads = 1, queued tasks = 0, completed tasks = 1]
2026-07-06 01:10:39 [SpringApplicationShutdownHook] INFO  o.s.boot.tomcat.GracefulShutdown - Commencing graceful shutdown. Waiting for active requests to complete
2026-07-06 01:11:09 [SpringApplicationShutdownHook] INFO  o.s.c.s.DefaultLifecycleProcessor - Shutdown phase 2147482623 ends with 1 bean still running after timeout of 30000ms: [webServerGracefulShutdown]
2026-07-06 01:11:09 [SpringApplicationShutdownHook] INFO  o.s.m.s.b.SimpleBrokerMessageHandler - Stopping...
2026-07-06 01:11:09 [SpringApplicationShutdownHook] INFO  o.s.m.s.b.SimpleBrokerMessageHandler - BrokerAvailabilityEvent[available=false, SimpleBrokerMessageHandler [org.springframework.messaging.simp.broker.DefaultSubscriptionRegistry@23b9d353]]
2026-07-06 01:11:09 [SpringApplicationShutdownHook] INFO  o.s.m.s.b.SimpleBrokerMessageHandler - Stopped.
2026-07-06 01:11:09 [SpringApplicationShutdownHook] INFO  o.s.o.j.LocalContainerEntityManagerFactoryBean - Closing JPA EntityManagerFactory for persistence unit 'default'
2026-07-06 01:11:09 [tomcat-shutdown] INFO  o.s.boot.tomcat.GracefulShutdown - Graceful shutdown aborted with one or more requests still active
2026-07-06 01:11:09 [SpringApplicationShutdownHook] INFO  com.zaxxer.hikari.HikariDataSource - HikariPool-1 - Shutdown initiated...
2026-07-06 01:11:09 [SpringApplicationShutdownHook] INFO  com.zaxxer.hikari.HikariDataSource - HikariPool-1 - Shutdown completed.
